🚀 Starting pentest dataset build pipeline...
Processing MITRE CVEs:   0%|          | 0/700 [00:00<?, ?it/s]Processing MITRE CVEs: 100%|██████████| 700/700 [00:00<00:00, 551363.91it/s]
Generating train split: 0 examples [00:00, ? examples/s]Failed to load JSON from file '/home/rev/.cache/huggingface/hub/datasets--venkycs--security-dpo/snapshots/0db285ee9aa011496e72134bb809012e4d832e36/dataset.jsonl' with error <class 'pyarrow.lib.ArrowInvalid'>: JSON parse error: Column(/text) changed from array to object in row 347
Generating train split: 13162 examples [00:00, 110853.16 examples/s]Generating train split: 13162 examples [00:00, 110687.13 examples/s]
⚠️ Failed to load venkycs/security-dpo: An error occurred while generating the dataset
Processing Files (0 / 0)      : |          |  0.00B /  0.00B            
New Data Upload               : |          |  0.00B /  0.00B            [A

  ...s/dist/chatml_train.jsonl: 100%|██████████| 1.08MB / 1.08MB            [A[A

  ...s/dist/chatml_train.jsonl: 100%|██████████| 1.08MB / 1.08MB            [A[AProcessing Files (1 / 1)      : 100%|██████████| 1.08MB / 1.08MB,   ???B/s  

  ...s/dist/chatml_train.jsonl: 100%|██████████| 1.08MB / 1.08MB            [A[A

  ...s/dist/chatml_train.jsonl: 100%|██████████| 1.08MB / 1.08MB            [A[AProcessing Files (1 / 1)      : 100%|██████████| 1.08MB / 1.08MB,  0.00B/s  
New Data Upload               : |          |  0.00B /  0.00B,  0.00B/s  
  ...s/dist/chatml_train.jsonl: 100%|██████████| 1.08MB / 1.08MB            
No files have been modified since last commit. Skipping to prevent empty commit.
Processing Files (0 / 0)      : |          |  0.00B /  0.00B            
New Data Upload               : |          |  0.00B /  0.00B            [A

  ...s/dist/alpaca_train.jsonl: 100%|██████████| 1.03MB / 1.03MB            [A[A

  ...s/dist/alpaca_train.jsonl: 100%|██████████| 1.03MB / 1.03MB            [A[AProcessing Files (1 / 1)      : 100%|██████████| 1.03MB / 1.03MB,   ???B/s  

  ...s/dist/alpaca_train.jsonl: 100%|██████████| 1.03MB / 1.03MB            [A[A

  ...s/dist/alpaca_train.jsonl: 100%|██████████| 1.03MB / 1.03MB            [A[AProcessing Files (1 / 1)      : 100%|██████████| 1.03MB / 1.03MB,  0.00B/s  
New Data Upload               : |          |  0.00B /  0.00B,  0.00B/s  
  ...s/dist/alpaca_train.jsonl: 100%|██████████| 1.03MB / 1.03MB            
No files have been modified since last commit. Skipping to prevent empty commit.
